// Jest Snapshot v1, https://goo.gl/fbAQLP

exports[`Render AuthNav 1`] = `
Array [
  <a
    href="/auth"
    onClick={[Function]}
  >
    Login
  </a>,
  " | ",
  <a
    href="/auth"
    onClick={[Function]}
  >
    Signup
  </a>,
]
`;
